<html>
<body>
<pre>
<h1>µVision Build Log</h1>
<h2>Project:</h2>
C:\Users\Administrator\Desktop\Athena.Pro\1.STM32\(4)µÎ´ðÊ±ÖÓ\Project\phone.uvproj
Project File Date:  01/07/2015

<h2>Output:</h2>
Build target 'Cortex-M3'
linking...
Program Size: Code=3092 RO-data=336 RW-data=44 ZI-data=1636  
FromELF: creating hex file...
"..\Obj\phone.axf" - 0 Error(s), 0 Warning(s).
</pre>
</body>
</html>
Obj\phone.axf" - 0 Error(s), 0 Warning(s).
bj\phone.axf" - 1 Error(s), 0 Warning(s).
Target not created
 file "delay.h": No such file or directory
  #include "delay.h"
..\Source\BSP\BSP.c: 0 warnings, 1 error
compiling bsp_led.c...
compiling SysTick_delay.c...
..\Source\BSP\SysTick\SysTick_delay.c(19): error:  #5: cannot open source input file "delay.h": No such file or directory
  #include "delay.h"
..\Source\BSP\SysTick\SysTick_delay.c: 0 warnings, 1 error
"..\Obj\phone.axf" - 2 Error(s), 0 Warning(s).
Target not created
