<html>
<body>
<pre>
<h1>礦ision Build Log</h1>
<h2>Project:</h2>
F:\(9)程序备份\（2）32设计\Cpj\（9）串口通信\chuankou\USART2_串口2\USART2_COM2.uvproj
Project File Date:  03/24/2014

<h2>Output:</h2>
Build target 'STM32_USART2_COM2'
compiling main.c...
compiling stm32f10x_it.c...
compiling misc.c...
compiling stm32f10x_gpio.c...
compiling stm32f10x_rcc.c...
compiling stm32f10x_usart.c...
assembling startup_stm32f10x_hd.s...
compiling core_cm3.c...
compiling system_stm32f10x.c...
linking...
Program Size: Code=1516 RO-data=336 RW-data=232 ZI-data=512  
FromELF: creating hex file...
".\Obj\STM32_USART2_COM2.axf" - 0 Error(s), 0 Warning(s).
</pre>
</body>
</html>
