<html>
<body>
<pre>
<h1>礦ision Build Log</h1>
<h2>Project:</h2>
J:\ZN-X资料整理\STM32\M3\代码\NRF24L01\Hardware Test\USER\NRF24L01.uvproj
Project File Date:  06/01/2014

<h2>Output:</h2>
Build target 'APP'
linking...
Program Size: Code=6228 RO-data=268 RW-data=52 ZI-data=1836  
FromELF: creating hex file...
"..\OBJ\NRF24L01 test.axf" - 0 Error(s), 0 Warning(s).
Build target 'APP'
linking...
Program Size: Code=6228 RO-data=268 RW-data=52 ZI-data=1836  
FromELF: creating hex file...
"..\OBJ\NRF24L01 test.axf" - 0 Error(s), 0 Warning(s).
