<html>
<body>
<pre>
<h1>礦ision Build Log</h1>
<h2>Project:</h2>
D:\(0)Teacher\B盘\02-野火ISO 程序\1-野火ISO-基础入门篇\9、DMA-为CPU减负\Project\RVMDK（uv4）\iSO-STM32.uvproj
Project File Date:  09/19/2013

<h2>Output:</h2>
Build target 'USART1（polling）'
assembling startup_stm32f10x_hd.s...
compiling core_cm3.c...
compiling system_stm32f10x.c...
compiling misc.c...
compiling stm32f10x_adc.c...
compiling stm32f10x_bkp.c...
compiling stm32f10x_can.c...
compiling stm32f10x_cec.c...
compiling stm32f10x_crc.c...
compiling stm32f10x_dac.c...
compiling stm32f10x_dbgmcu.c...
compiling stm32f10x_dma.c...
compiling stm32f10x_exti.c...
compiling stm32f10x_flash.c...
compiling stm32f10x_fsmc.c...
compiling stm32f10x_gpio.c...
compiling stm32f10x_i2c.c...
compiling stm32f10x_iwdg.c...
compiling stm32f10x_pwr.c...
compiling stm32f10x_rcc.c...
compiling stm32f10x_rtc.c...
compiling stm32f10x_sdio.c...
compiling stm32f10x_spi.c...
compiling stm32f10x_tim.c...
compiling stm32f10x_usart.c...
compiling stm32f10x_wwdg.c...
compiling main.c...
compiling stm32f10x_it.c...
compiling bsp_usart1.c...
compiling bsp_led.c...
linking...
..\..\Output\Template.axf: error: L6002U: Could not open file ..\..\output\core_cm3.o: No such file or directory
Target not created
Build target 'USART1（polling）'
compiling core_cm3.c...
linking...
..\..\Output\Template.axf: error: L6002U: Could not open file ..\..\output\core_cm3.o: No such file or directory
Target not created
Build target 'USART1（polling）'
compiling core_cm3.c...
linking...
..\..\Output\Template.axf: error: L6002U: Could not open file ..\..\output\core_cm3.o: No such file or directory
Target not created
Build target 'USART1（polling）'
compiling core_cm3.c...
linking...
..\..\Output\Template.axf: error: L6002U: Could not open file ..\..\output\core_cm3.o: No such file or directory
Target not created
Rebuild target 'USART1（polling）'
assembling startup_stm32f10x_hd.s...
compiling core_cm3.c...
compiling system_stm32f10x.c...
compiling misc.c...
compiling stm32f10x_adc.c...
compiling stm32f10x_bkp.c...
compiling stm32f10x_can.c...
compiling stm32f10x_cec.c...
compiling stm32f10x_crc.c...
compiling stm32f10x_dac.c...
compiling stm32f10x_dbgmcu.c...
compiling stm32f10x_dma.c...
compiling stm32f10x_exti.c...
compiling stm32f10x_flash.c...
compiling stm32f10x_fsmc.c...
compiling stm32f10x_gpio.c...
compiling stm32f10x_i2c.c...
compiling stm32f10x_iwdg.c...
compiling stm32f10x_pwr.c...
compiling stm32f10x_rcc.c...
compiling stm32f10x_rtc.c...
compiling stm32f10x_sdio.c...
compiling stm32f10x_spi.c...
compiling stm32f10x_tim.c...
compiling stm32f10x_usart.c...
compiling stm32f10x_wwdg.c...
compiling main.c...
compiling stm32f10x_it.c...
compiling bsp_usart1.c...
compiling bsp_led.c...
linking...
..\..\Output\Template.axf: error: L6002U: Could not open file ..\..\output\core_cm3.o: No such file or directory
Target not created
Build target 'USART1（polling）'
compiling core_cm3.c...
linking...
..\..\Output\Template.axf: error: L6002U: Could not open file ..\..\output\core_cm3.o: No such file or directory
Target not created
Build target 'USART1（polling）'
compiling core_cm3.c...
linking...
..\..\Output\Template.axf: error: L6002U: Could not open file ..\..\output\core_cm3.o: No such file or directory
Target not created
Build target 'USART1（polling）'
compiling core_cm3.c...
linking...
..\..\Output\Template.axf: error: L6002U: Could not open file ..\..\output\core_cm3.o: No such file or directory
Target not created
Rebuild target 'USART1（polling）'
assembling startup_stm32f10x_hd.s...
compiling core_cm3.c...
compiling system_stm32f10x.c...
compiling misc.c...
Project build/rebuild aborted.
Target not created
Build target 'USART1（polling）'
linking...
Program Size: Code=4568 RO-data=336 RW-data=44 ZI-data=6028  
FromELF: creating hex file...
"..\..\Output\Template.axf" - 0 Error(s), 0 Warning(s).
Build target 'USART1（polling）'
linking...
Program Size: Code=4568 RO-data=336 RW-data=44 ZI-data=6028  
FromELF: creating hex file...
"..\..\Output\Template.axf" - 0 Error(s), 0 Warning(s).
Load "..\\..\\Output\\Template.AXF" 
* JLink Info: Device "STM32F103ZE" selected (512 KB flash, 64 KB RAM).
Set JLink Project File to "D:\(0)Teacher\B盘\02-野火ISO 程序\1-野火ISO-基础入门篇\9、DMA-为CPU减负\Project\RVMDK（uv4）\JLinkSettings.ini"
 
JLink info:
------------
DLL: V4.50j, compiled Jun 26 2012 09:19:07
Firmware: J-Link ARM V8 compiled Nov 14 2012 22:34:52
Hardware: V8.00
S/N : 58001139 
Feature(s) : RDI,FlashDL,FlashBP,JFlash 
 
* JLink Info: TotalIRLen = 9, IRPrint = 0x0011
* JLink Info: TotalIRLen = 9, IRPrint = 0x0011
* JLink Info: Found Cortex-M3 r1p1, Little endian.
* JLink Info: TPIU fitted.
* JLink Info: ETM fitted.
* JLink Info: FPUnit: 6 code (BP) slots and 2 literal slots
ROMTableAddr = 0xE00FF003
* JLink Info: Found Cortex-M3 r1p1, Little endian.
* JLink Info: TPIU fitted.
* JLink Info: ETM fitted.
* JLink Info: FPUnit: 6 code (BP) slots and 2 literal slots
 
Target info:
------------
Device: STM32F103ZE
VTarget = 3.319V
State of Pins: 
TCK: 1, TDI: 0, TDO: 1, TMS: 0, TRES: 1, TRST: 1
Hardware-Breakpoints: 6
Software-Breakpoints: 8192
Watchpoints:          4
JTAG speed: 4800 kHz
 
Full Chip Erase Done.
Programming Done.
Verify OK.
* JLink Info: Found Cortex-M3 r1p1, Little endian.
* JLink Info: TPIU fitted.
* JLink Info: ETM fitted.
* JLink Info: FPUnit: 6 code (BP) slots and 2 literal slots
Application running ...
Build target 'USART1（polling）'
linking...
Program Size: Code=4568 RO-data=336 RW-data=44 ZI-data=6028  
FromELF: creating hex file...
"..\..\Output\Template.axf" - 0 Error(s), 0 Warning(s).
Rebuild target 'USART1（polling）'
assembling startup_stm32f10x_hd.s...
compiling core_cm3.c...
compiling system_stm32f10x.c...
Project build/rebuild aborted.
Target not created
Build target 'USART1（polling）'
compiling core_cm3.c...
compiling main.c...
compiling bsp_usart1.c...
linking...
..\..\Output\Template.axf: error: L6002U: Could not open file ..\..\output\core_cm3.o: No such file or directory
Target not created
Build target 'USART1（polling）'
linking...
Program Size: Code=4568 RO-data=336 RW-data=44 ZI-data=6028  
FromELF: creating hex file...
"..\..\Output\Template.axf" - 0 Error(s), 0 Warning(s).
Build target 'USART1（polling）'
compiling bsp_usart1.c...
linking...
Program Size: Code=4568 RO-data=336 RW-data=44 ZI-data=6028  
FromELF: creating hex file...
"..\..\Output\Template.axf" - 0 Error(s), 0 Warning(s).
Build target 'USART1（polling）'
compiling main.c...
linking...
Program Size: Code=4568 RO-data=336 RW-data=44 ZI-data=6028  
FromELF: creating hex file...
"..\..\Output\Template.axf" - 0 Error(s), 0 Warning(s).
Build target 'USART1（polling）'
linking...
Program Size: Code=4568 RO-data=336 RW-data=44 ZI-data=6028  
FromELF: creating hex file...
"..\..\Output\Template.axf" - 0 Error(s), 0 Warning(s).
Load "..\\..\\Output\\Template.AXF" 
* JLink Info: Device "STM32F103ZE" selected (512 KB flash, 64 KB RAM).
Set JLink Project File to "D:\(0)Teacher\B盘\02-野火ISO 程序\1-野火ISO-基础入门篇\9、DMA-为CPU减负\Project\RVMDK（uv4）\JLinkSettings.ini"
 
JLink info:
------------
DLL: V4.50j, compiled Jun 26 2012 09:19:07
Firmware: J-Link ARM V8 compiled Nov 14 2012 22:34:52
Hardware: V8.00
S/N : 58001139 
Feature(s) : RDI,FlashDL,FlashBP,JFlash 
 
* JLink Info: TotalIRLen = 9, IRPrint = 0x0011
* JLink Info: TotalIRLen = 9, IRPrint = 0x0011
* JLink Info: Found Cortex-M3 r1p1, Little endian.
* JLink Info: TPIU fitted.
* JLink Info: ETM fitted.
* JLink Info: FPUnit: 6 code (BP) slots and 2 literal slots
ROMTableAddr = 0xE00FF003
* JLink Info: Found Cortex-M3 r1p1, Little endian.
* JLink Info: TPIU fitted.
* JLink Info: ETM fitted.
* JLink Info: FPUnit: 6 code (BP) slots and 2 literal slots
 
Target info:
------------
Device: STM32F103ZE
VTarget = 3.319V
State of Pins: 
TCK: 1, TDI: 0, TDO: 1, TMS: 0, TRES: 1, TRST: 1
Hardware-Breakpoints: 6
Software-Breakpoints: 8192
Watchpoints:          4
JTAG speed: 4800 kHz
 
Full Chip Erase Done.
Programming Done.
Verify OK.
* JLink Info: Found Cortex-M3 r1p1, Little endian.
* JLink Info: TPIU fitted.
* JLink Info: ETM fitted.
* JLink Info: FPUnit: 6 code (BP) slots and 2 literal slots
Application running ...
