<html>
<body>
<pre>
<h1>µVision Build Log</h1>
<h2>Project:</h2>
C:\Users\Administrator\Desktop\Athena.Pro\1.STM32\(19)1602\Project\phone.uvproj
Project File Date:  11/06/2014

<h2>Output:</h2>
Build target 'Cortex-M3'
compiling App.c...
compiling LCD_1602.c...
linking...
Program Size: Code=3320 RO-data=268 RW-data=84 ZI-data=1636  
FromELF: creating hex file...
"..\Obj\phone.axf" - 0 Error(s), 0 Warning(s).
</pre>
</body>
</html>
g:  #177-D: variable "HSEStartUpStatus" was declared but never referenced
  static ErrorStatus HSEStartUpStatus;
..\Source\BSP\LCD1602\LCD_1602.c: 2 warnings, 0 errors
linking...
Program Size: Code=3320 RO-data=268 RW-data=84 ZI-data=1636  
FromELF: creating hex file...
"..\Obj\phone.axf" - 0 Error(s), 2 Warning(s).
warning and 2 error messages.
"..\Obj\phone.axf" - 2 Error(s), 1 Warning(s).
Target not created
mplicitly
    NVIC_Init(&NVIC_InitStructure);
..\Source\APP\App.c: 2 warnings, 3 errors
"..\Obj\phone.axf" - 3 Error(s), 2 Warning(s).
Target not created
