<html>
<body>
<pre>
<h1>礦ision Build Log</h1>
<h2>Project:</h2>
F:\(9)程序备份\（2）32设计\stm32f030\Project\Phone.uvproj
Project File Date:  07/30/2014

<h2>Output:</h2>
Build target 'Cortex-M0'
compiling App.c...
compiling BSP.c...
compiling delay.c...
compiling led.c...
compiling Usart.c...
linking...
Program Size: Code=4624 RO-data=208 RW-data=44 ZI-data=1028  
FromELF: creating hex file...
"..\Obj\Phone.axf" - 0 Error(s), 0 Warning(s).
Load "..\\Obj\\Phone.axf" 
Erase Done.
Programming Done.
Verify OK.
</pre>
</body>
</html>
.c...
linking...
Program Size: Code=4624 RO-data=208 RW-data=44 ZI-data=1028  
FromELF: creating hex file...
"..\Obj\Phone.axf" - 0 Error(s), 0 Warning(s).
Load "..\\Obj\\Phone.axf" 
Erase Done.
Programming Done.
Verify OK.
