<html>
<body>
<pre>
<h1>礦ision Build Log</h1>
<h2>Project:</h2>
D:\(0)Teacher\B盘\02-野火ISO 程序\1-野火ISO-基础入门篇\19、CAN通信\Mutual\CAN主机\USER\STM32-DEMO.uvproj
Project File Date:  06/30/2014

<h2>Output:</h2>
Build target 'CAN-Mutual主机'
compiling main.c...
compiling core_cm3.c...
linking...
..\Output\STM32-DEMO.axf: error: L6002U: Could not open file ..\output\core_cm3.o: No such file or directory
Target not created
Build target 'CAN-Mutual主机'
compiling can.c...
compiling core_cm3.c...
linking...
..\Output\STM32-DEMO.axf: error: L6002U: Could not open file ..\output\core_cm3.o: No such file or directory
Target not created
Build target 'CAN-Mutual主机'
compiling can.c...
compiling core_cm3.c...
linking...
..\Output\STM32-DEMO.axf: error: L6002U: Could not open file ..\output\core_cm3.o: No such file or directory
Target not created
Build target 'CAN-Mutual主机'
compiling core_cm3.c...
linking...
..\Output\STM32-DEMO.axf: error: L6002U: Could not open file ..\output\core_cm3.o: No such file or directory
Target not created
Build target 'CAN-Mutual主机'
compiling core_cm3.c...
linking...
..\Output\STM32-DEMO.axf: error: L6002U: Could not open file ..\output\core_cm3.o: No such file or directory
Target not created
Build target 'CAN-Mutual主机'
compiling core_cm3.c...
linking...
..\Output\STM32-DEMO.axf: error: L6002U: Could not open file ..\output\core_cm3.o: No such file or directory
Target not created
Build target 'CAN-Mutual主机'
compiling core_cm3.c...
linking...
..\Output\STM32-DEMO.axf: error: L6002U: Could not open file ..\output\core_cm3.o: No such file or directory
Target not created
Build target 'CAN-Mutual主机'
linking...
Program Size: Code=8472 RO-data=336 RW-data=48 ZI-data=1064  
"..\Output\STM32-DEMO.axf" - 0 Error(s), 0 Warning(s).
Build target 'CAN-Mutual主机'
linking...
Program Size: Code=8472 RO-data=336 RW-data=48 ZI-data=1064  
"..\Output\STM32-DEMO.axf" - 0 Error(s), 0 Warning(s).
Load "..\\Output\\STM32-DEMO.AXF" 
Load "..\\Output\\STM32-DEMO.AXF" 
* JLink Info: Device "STM32F103VE" selected (512 KB flash, 64 KB RAM).
Set JLink Project File to "D:\(0)Teacher\B盘\02-野火ISO 程序\1-野火ISO-基础入门篇\19、CAN通信\Mutual\CAN主机\USER\JLinkSettings.ini"
 
JLink info:
------------
DLL: V4.50j, compiled Jun 26 2012 09:19:07
Firmware: J-Link ARM V8 compiled Nov 14 2012 22:34:52
Hardware: V8.00
S/N : 58001139 
Feature(s) : RDI,FlashDL,FlashBP,JFlash 
 
* JLink Info: TotalIRLen = 9, IRPrint = 0x0011
* JLink Info: TotalIRLen = 9, IRPrint = 0x0011
* JLink Info: Found Cortex-M3 r1p1, Little endian.
* JLink Info: TPIU fitted.
* JLink Info: ETM fitted.
* JLink Info: FPUnit: 6 code (BP) slots and 2 literal slots
ROMTableAddr = 0xE00FF003
* JLink Info: Found Cortex-M3 r1p1, Little endian.
* JLink Info: TPIU fitted.
* JLink Info: ETM fitted.
* JLink Info: FPUnit: 6 code (BP) slots and 2 literal slots
 
Target info:
------------
Device: STM32F103VE
VTarget = 3.319V
State of Pins: 
TCK: 1, TDI: 0, TDO: 1, TMS: 0, TRES: 1, TRST: 1
Hardware-Breakpoints: 6
Software-Breakpoints: 8192
Watchpoints:          4
JTAG speed: 2000 kHz
 
Full Chip Erase Done.
Programming Done.
Verify OK.
* JLink Info: Found Cortex-M3 r1p1, Little endian.
* JLink Info: TPIU fitted.
* JLink Info: ETM fitted.
* JLink Info: FPUnit: 6 code (BP) slots and 2 literal slots
Application running ...
