<html>
<body>
<pre>
<h1>µVision Build Log</h1>
<h2>Project:</h2>
D:\(0)Teacher\BÅÌ\02-Ò°»ðISO ³ÌÐò\1-Ò°»ðISO-»ù´¡ÈëÃÅÆª\11¡¢ FSMC-Òº¾§ÏÔÊ¾-Ó¢ÎÄ\Project\RVMDK£¨uv4£©\iSO-STM32.uvproj
Project File Date:  11/05/2013

<h2>Output:</h2>
Build target 'LCD'
assembling startup_stm32f10x_hd.s...
compiling core_cm3.c...
compiling system_stm32f10x.c...
compiling misc.c...
compiling stm32f10x_adc.c...
compiling stm32f10x_bkp.c...
compiling stm32f10x_can.c...
compiling stm32f10x_cec.c...
compiling stm32f10x_crc.c...
compiling stm32f10x_dac.c...
compiling stm32f10x_dbgmcu.c...
compiling stm32f10x_dma.c...
compiling stm32f10x_exti.c...
compiling stm32f10x_flash.c...
compiling stm32f10x_fsmc.c...
compiling stm32f10x_gpio.c...
compiling stm32f10x_i2c.c...
compiling stm32f10x_iwdg.c...
compiling stm32f10x_pwr.c...
compiling stm32f10x_rcc.c...
compiling stm32f10x_rtc.c...
compiling stm32f10x_sdio.c...
compiling stm32f10x_spi.c...
compiling stm32f10x_tim.c...
compiling stm32f10x_usart.c...
compiling stm32f10x_wwdg.c...
compiling main.c...
compiling stm32f10x_it.c...
compiling bsp_ili9341_lcd.c...
compiling bsp_usart1.c...
linking...
..\..\Output\Template.axf: error: L6002U: Could not open file ..\..\output\core_cm3.o: No such file or directory
Target not created
Build target 'LCD'
linking...
Program Size: Code=2620 RO-data=1476 RW-data=4 ZI-data=1028  
FromELF: creating hex file...
"..\..\Output\Template.axf" - 0 Error(s), 0 Warning(s).
Load "..\\..\\Output\\Template.AXF" 
* JLink Info: Device "STM32F103ZE" selected (512 KB flash, 64 KB RAM).
Set JLink Project File to "D:\(0)Teacher\BÅÌ\02-Ò°»ðISO ³ÌÐò\1-Ò°»ðISO-»ù´¡ÈëÃÅÆª\11¡¢ FSMC-Òº¾§ÏÔÊ¾-Ó¢ÎÄ\Project\RVMDK£¨uv4£©\JLinkSettings.ini"
 
JLink info:
------------
DLL: V4.50j, compiled Jun 26 2012 09:19:07
Firmware: J-Link ARM V8 compiled Nov 14 2012 22:34:52
Hardware: V8.00
S/N : 58001139 
Feature(s) : RDI,FlashDL,FlashBP,JFlash 
 
* JLink Info: TotalIRLen = 9, IRPrint = 0x0011
* JLink Info: TotalIRLen = 9, IRPrint = 0x0011
* JLink Info: Found Cortex-M3 r1p1, Little endian.
* JLink Info: TPIU fitted.
* JLink Info: ETM fitted.
* JLink Info: FPUnit: 6 code (BP) slots and 2 literal slots
ROMTableAddr = 0xE00FF003
* JLink Info: Found Cortex-M3 r1p1, Little endian.
* JLink Info: TPIU fitted.
* JLink Info: ETM fitted.
* JLink Info: FPUnit: 6 code (BP) slots and 2 literal slots
 
Target info:
------------
Device: STM32F103ZE
VTarget = 3.319V
State of Pins: 
TCK: 1, TDI: 0, TDO: 1, TMS: 0, TRES: 1, TRST: 1
Hardware-Breakpoints: 6
Software-Breakpoints: 8192
Watchpoints:          4
JTAG speed: 4800 kHz
 
Erase Done.
Programming Done.
Verify OK.
* JLink Info: Found Cortex-M3 r1p1, Little endian.
* JLink Info: TPIU fitted.
* JLink Info: ETM fitted.
* JLink Info: FPUnit: 6 code (BP) slots and 2 literal slots
Application running ...
Build target 'LCD'
linking...
Program Size: Code=2620 RO-data=1476 RW-data=4 ZI-data=1028  
FromELF: creating hex file...
"..\..\Output\Template.axf" - 0 Error(s), 0 Warning(s).
Build target 'LCD'
linking...
Program Size: Code=2620 RO-data=1476 RW-data=4 ZI-data=1028  
FromELF: creating hex file...
"..\..\Output\Template.axf" - 0 Error(s), 0 Warning(s).
Build target 'LCD'
compiling bsp_ili9341_lcd.c...
linking...
Program Size: Code=2620 RO-data=1476 RW-data=4 ZI-data=1028  
FromELF: creating hex file...
"..\..\Output\Template.axf" - 0 Error(s), 0 Warning(s).
Build target 'LCD'
compiling main.c...
compiling bsp_ili9341_lcd.c...
linking...
Program Size: Code=2620 RO-data=1476 RW-data=4 ZI-data=1028  
FromELF: creating hex file...
"..\..\Output\Template.axf" - 0 Error(s), 0 Warning(s).
Build target 'LCD'
compiling main.c...
compiling bsp_ili9341_lcd.c...
linking...
Program Size: Code=2620 RO-data=1476 RW-data=4 ZI-data=1028  
FromELF: creating hex file...
"..\..\Output\Template.axf" - 0 Error(s), 0 Warning(s).
Build target 'LCD'
compiling bsp_ili9341_lcd.c...
linking...
Program Size: Code=2620 RO-data=1476 RW-data=4 ZI-data=1028  
FromELF: creating hex file...
"..\..\Output\Template.axf" - 0 Error(s), 0 Warning(s).
Build target 'LCD'
compiling bsp_ili9341_lcd.c...
linking...
Program Size: Code=2620 RO-data=1476 RW-data=4 ZI-data=1028  
FromELF: creating hex file...
"..\..\Output\Template.axf" - 0 Error(s), 0 Warning(s).
Build target 'LCD'
compiling bsp_ili9341_lcd.c...
linking...
Program Size: Code=2620 RO-data=1476 RW-data=4 ZI-data=1028  
FromELF: creating hex file...
"..\..\Output\Template.axf" - 0 Error(s), 0 Warning(s).
Build target 'LCD'
compiling bsp_ili9341_lcd.c...
linking...
Program Size: Code=2620 RO-data=1476 RW-data=4 ZI-data=1028  
FromELF: creating hex file...
"..\..\Output\Template.axf" - 0 Error(s), 0 Warning(s).
Build target 'LCD'
compiling bsp_ili9341_lcd.c...
linking...
Program Size: Code=2620 RO-data=1476 RW-data=4 ZI-data=1028  
FromELF: creating hex file...
"..\..\Output\Template.axf" - 0 Error(s), 0 Warning(s).
Build target 'LCD'
compiling bsp_ili9341_lcd.c...
linking...
Program Size: Code=2620 RO-data=1476 RW-data=4 ZI-data=1028  
FromELF: creating hex file...
"..\..\Output\Template.axf" - 0 Error(s), 0 Warning(s).
Build target 'LCD'
compiling bsp_ili9341_lcd.c...
linking...
Program Size: Code=2620 RO-data=1476 RW-data=4 ZI-data=1028  
FromELF: creating hex file...
"..\..\Output\Template.axf" - 0 Error(s), 0 Warning(s).
Build target 'LCD'
compiling bsp_ili9341_lcd.c...
linking...
Program Size: Code=2620 RO-data=1476 RW-data=4 ZI-data=1028  
FromELF: creating hex file...
"..\..\Output\Template.axf" - 0 Error(s), 0 Warning(s).
Build target 'LCD'
compiling bsp_ili9341_lcd.c...
linking...
Program Size: Code=2620 RO-data=1476 RW-data=4 ZI-data=1028  
FromELF: creating hex file...
"..\..\Output\Template.axf" - 0 Error(s), 0 Warning(s).
Build target 'LCD'
compiling bsp_ili9341_lcd.c...
linking...
Program Size: Code=2620 RO-data=1476 RW-data=4 ZI-data=1028  
FromELF: creating hex file...
"..\..\Output\Template.axf" - 0 Error(s), 0 Warning(s).
Build target 'LCD'
linking...
Program Size: Code=2620 RO-data=1476 RW-data=4 ZI-data=1028  
FromELF: creating hex file...
"..\..\Output\Template.axf" - 0 Error(s), 0 Warning(s).
Build target 'LCD'
linking...
Program Size: Code=2620 RO-data=1476 RW-data=4 ZI-data=1028  
FromELF: creating hex file...
"..\..\Output\Template.axf" - 0 Error(s), 0 Warning(s).
Build target 'LCD'
compiling bsp_ili9341_lcd.c...
linking...
Program Size: Code=2620 RO-data=1476 RW-data=4 ZI-data=1028  
FromELF: creating hex file...
"..\..\Output\Template.axf" - 0 Error(s), 0 Warning(s).
Build target 'LCD'
linking...
Program Size: Code=2620 RO-data=1476 RW-data=4 ZI-data=1028  
FromELF: creating hex file...
"..\..\Output\Template.axf" - 0 Error(s), 0 Warning(s).
Build target 'LCD'
compiling bsp_ili9341_lcd.c...
..\..\User\Lcd\bsp_ili9341_lcd.c(430): error:  #169: expected a declaration
..\..\User\Lcd\bsp_ili9341_lcd.c(483): warning: At end of source:  #12-D: parsing restarts here after previous syntax error
Target not created
Build target 'LCD'
compiling bsp_ili9341_lcd.c...
..\..\User\Lcd\bsp_ili9341_lcd.c(430): error:  #169: expected a declaration
..\..\User\Lcd\bsp_ili9341_lcd.c(483): warning: At end of source:  #12-D: parsing restarts here after previous syntax error
Target not created
Build target 'LCD'
compiling bsp_ili9341_lcd.c...
..\..\User\Lcd\bsp_ili9341_lcd.c(430): error:  #169: expected a declaration
..\..\User\Lcd\bsp_ili9341_lcd.c(483): warning: At end of source:  #12-D: parsing restarts here after previous syntax error
Target not created
Build target 'LCD'
compiling bsp_ili9341_lcd.c...
..\..\User\Lcd\bsp_ili9341_lcd.c(430): error:  #169: expected a declaration
..\..\User\Lcd\bsp_ili9341_lcd.c(483): warning: At end of source:  #12-D: parsing restarts here after previous syntax error
Target not created
Build target 'LCD'
compiling bsp_ili9341_lcd.c...
..\..\User\Lcd\bsp_ili9341_lcd.c(430): error:  #169: expected a declaration
..\..\User\Lcd\bsp_ili9341_lcd.c(483): warning: At end of source:  #12-D: parsing restarts here after previous syntax error
Target not created
Build target 'LCD'
compiling bsp_ili9341_lcd.c...
..\..\User\Lcd\bsp_ili9341_lcd.c(430): error:  #169: expected a declaration
..\..\User\Lcd\bsp_ili9341_lcd.c(483): warning: At end of source:  #12-D: parsing restarts here after previous syntax error
Target not created
Build target 'LCD'
compiling bsp_ili9341_lcd.c...
..\..\User\Lcd\bsp_ili9341_lcd.c(430): error:  #169: expected a declaration
..\..\User\Lcd\bsp_ili9341_lcd.c(483): warning: At end of source:  #12-D: parsing restarts here after previous syntax error
Target not created
Build target 'LCD'
compiling bsp_ili9341_lcd.c...
..\..\User\Lcd\bsp_ili9341_lcd.c(430): error:  #169: expected a declaration
..\..\User\Lcd\bsp_ili9341_lcd.c(483): warning: At end of source:  #12-D: parsing restarts here after previous syntax error
Target not created
Build target 'LCD'
compiling bsp_ili9341_lcd.c...
linking...
Program Size: Code=2620 RO-data=1476 RW-data=4 ZI-data=1028  
FromELF: creating hex file...
"..\..\Output\Template.axf" - 0 Error(s), 0 Warning(s).
Build target 'LCD'
compiling bsp_ili9341_lcd.c...
linking...
Program Size: Code=2620 RO-data=1476 RW-data=4 ZI-data=1028  
FromELF: creating hex file...
"..\..\Output\Template.axf" - 0 Error(s), 0 Warning(s).
Build target 'LCD'
compiling bsp_ili9341_lcd.c...
linking...
Program Size: Code=2620 RO-data=1476 RW-data=4 ZI-data=1028  
FromELF: creating hex file...
"..\..\Output\Template.axf" - 0 Error(s), 0 Warning(s).
Build target 'LCD'
compiling bsp_ili9341_lcd.c...
linking...
Program Size: Code=2620 RO-data=1476 RW-data=4 ZI-data=1028  
FromELF: creating hex file...
"..\..\Output\Template.axf" - 0 Error(s), 0 Warning(s).
