<html>
<body>
<pre>
<h1>µVision Build Log</h1>
<h2>Project:</h2>
F:\(9)³ÌÐò±¸·Ý\£¨4£©M0\£¨2£©NRF24L01\stm32f030 - cong\Project\Phone.uvproj
Project File Date:  08/02/2014

<h2>Output:</h2>
Rebuild target 'Cortex-M0'
assembling startup_stm32f0xx_ld.s...
compiling system_stm32f0xx.c...
compiling stm32f0xx_gpio.c...
compiling stm32f0xx_flash.c...
compiling stm32f0xx_rcc.c...
compiling stm32f0xx_spi.c...
compiling stm32f0xx_usart.c...
compiling stm32f0xx_wwdg.c...
compiling App.c...
compiling BSP.c...
compiling delay.c...
compiling led.c...
compiling Usart.c...
compiling bsp_spi_nrf.c...
linking...
Program Size: Code=5132 RO-data=208 RW-data=76 ZI-data=1028  
FromELF: creating hex file...
"..\Obj\Phone.axf" - 0 Error(s), 0 Warning(s).
Load "..\\Obj\\Phone.axf" 
Erase Done.
Programming Done.
Verify OK.
</pre>
</body>
</html>
