<html>
<body>
<pre>
<h1>礦ision Build Log</h1>
<h2>Project:</h2>
C:\Users\Administrator\Desktop\Athena.Pro\1.STM32\(11)电源管理\3.待机模式\Project\phone.uvproj
Project File Date:  11/12/2014

<h2>Output:</h2>
Build target 'Cortex-M3'
compiling bsp_usart1.c...
linking...
Program Size: Code=5384 RO-data=336 RW-data=48 ZI-data=1024  
FromELF: creating hex file...
"..\Obj\phone.axf" - 0 Error(s), 0 Warning(s).
Load "..\\Obj\\phone.axf" 
Set JLink Project File to "C:\Users\Administrator\Desktop\Athena.Pro\1.STM32\(11)电源管理\3.待机模式\Project\JLinkSettings.ini"
* JLink Info: Device "STM32F103ZE" selected (512 KB flash, 64 KB RAM).
 
JLink info:
------------
DLL: V4.80g, compiled Feb 13 2014 20:50:02
Firmware: J-Link ARM V8 compiled Nov 25 2013 19:20:08
Hardware: V8.00
S/N : 58001139 
Feature(s) : RDI,FlashDL,FlashBP,JFlash 
 
* JLink Info: TotalIRLen = 9, IRPrint = 0x0011
* JLink Info: TotalIRLen = 9, IRPrint = 0x0011
* JLink Info: Found Cortex-M3 r1p1, Little endian.
* JLink Info: FPUnit: 6 code (BP) slots and 2 literal slots
* JLink Info: TPIU fitted.
* JLink Info: ETM fitted.
ROMTableAddr = 0xE00FF003
 
Target info:
------------
Device: STM32F103ZE
VTarget = 3.364V
State of Pins: 
TCK: 1, TDI: 0, TDO: 1, TMS: 0, TRES: 1, TRST: 1
Hardware-Breakpoints: 6
Software-Breakpoints: 8192
Watchpoints:          4
JTAG speed: 2000 kHz
 
Full Chip Erase Done.
Programming Done.
Verify OK.
Application running ...
</pre>
</body>
</html>
.
 TMS: 0, TRES: 1, TRST: 1
Hardware-Breakpoints: 6
Software-Breakpoints: 8192
Watchpoints:          4
JTAG speed: 2000 kHz
 
Full Chip Erase Done.
Programming Done.
Verify OK.
Application running ...
e-Breakpoints: 6
Software-Breakpoints: 8192
Watchpoints:          4
JTAG speed: 2000 kHz
 
Full Chip Erase Done.
Programming Done.
Verify OK.
Application running ...
