<html>
<body>
<pre>
<h1>µVision Build Log</h1>
<h2>Project:</h2>
C:\Users\Administrator\Desktop\£¨4£©Cortex-M0\pwm\Project\Phone.uvproj
Project File Date:  02/13/2015

<h2>Output:</h2>
Build target 'Cortex-M0'
linking...
Program Size: Code=8984 RO-data=208 RW-data=84 ZI-data=1108  
FromELF: creating hex file...
"..\Obj\Phone.axf" - 0 Error(s), 0 Warning(s).
Full Chip Erase Done.
Load "..\\Obj\\Phone.axf" 
Erase Done.
Programming Done.
Verify OK.
Application running ...
</pre>
</body>
</html>
stm32f0xx_tim.c...
compiling App.c...
compiling stm32f0xx_it.c...
compiling BSP.c...
compiling delay.c...
compiling led.c...
compiling Usart.c...
compiling time.c...
linking...
Program Size: Code=8952 RO-data=208 RW-data=84 ZI-data=1108  
FromELF: creating hex file...
"..\Obj\Phone.axf" - 0 Error(s), 0 Warning(s).
