<html>
<body>
<pre>
<h1>礦ision Build Log</h1>
<h2>Project:</h2>
D:\(0)Teacher\B盘\02-野火ISO 程序\1-野火ISO-基础入门篇\10、ADC实验（DMA方式）\Project\RVMDK（uv4）\iSO-STM32.uvproj
Project File Date:  07/01/2014

<h2>Output:</h2>
Build target 'adc（DMA）'
linking...
Program Size: Code=9708 RO-data=336 RW-data=52 ZI-data=1028  
FromELF: creating hex file...
"..\..\Output\Template.axf" - 0 Error(s), 0 Warning(s).
Build target 'adc（DMA）'
compiling bsp_adc.c...
linking...
Program Size: Code=9708 RO-data=336 RW-data=52 ZI-data=1028  
FromELF: creating hex file...
"..\..\Output\Template.axf" - 0 Error(s), 0 Warning(s).
Build target 'adc（DMA）'
compiling bsp_adc.c...
linking...
Program Size: Code=9708 RO-data=336 RW-data=52 ZI-data=1028  
FromELF: creating hex file...
"..\..\Output\Template.axf" - 0 Error(s), 0 Warning(s).
Build target 'adc（DMA）'
compiling bsp_adc.c...
linking...
Program Size: Code=9708 RO-data=336 RW-data=52 ZI-data=1028  
FromELF: creating hex file...
"..\..\Output\Template.axf" - 0 Error(s), 0 Warning(s).
Build target 'adc（DMA）'
compiling bsp_adc.c...
linking...
Program Size: Code=9708 RO-data=336 RW-data=52 ZI-data=1028  
FromELF: creating hex file...
"..\..\Output\Template.axf" - 0 Error(s), 0 Warning(s).
Build target 'adc（DMA）'
compiling bsp_adc.c...
linking...
Program Size: Code=9708 RO-data=336 RW-data=52 ZI-data=1028  
FromELF: creating hex file...
"..\..\Output\Template.axf" - 0 Error(s), 0 Warning(s).
Build target 'adc（DMA）'
compiling bsp_adc.c...
linking...
Program Size: Code=9708 RO-data=336 RW-data=52 ZI-data=1028  
FromELF: creating hex file...
"..\..\Output\Template.axf" - 0 Error(s), 0 Warning(s).
Build target 'adc（DMA）'
compiling bsp_adc.c...
linking...
Program Size: Code=9708 RO-data=336 RW-data=52 ZI-data=1028  
FromELF: creating hex file...
"..\..\Output\Template.axf" - 0 Error(s), 0 Warning(s).
Build target 'adc（DMA）'
compiling bsp_adc.c...
linking...
Program Size: Code=9708 RO-data=336 RW-data=52 ZI-data=1028  
FromELF: creating hex file...
"..\..\Output\Template.axf" - 0 Error(s), 0 Warning(s).
Build target 'adc（DMA）'
compiling bsp_adc.c...
linking...
Program Size: Code=9708 RO-data=336 RW-data=52 ZI-data=1028  
FromELF: creating hex file...
"..\..\Output\Template.axf" - 0 Error(s), 0 Warning(s).
Build target 'adc（DMA）'
compiling main.c...
compiling bsp_adc.c...
linking...
Program Size: Code=9708 RO-data=336 RW-data=52 ZI-data=1028  
FromELF: creating hex file...
"..\..\Output\Template.axf" - 0 Error(s), 0 Warning(s).
Build target 'adc（DMA）'
linking...
Program Size: Code=9708 RO-data=336 RW-data=52 ZI-data=1028  
FromELF: creating hex file...
"..\..\Output\Template.axf" - 0 Error(s), 0 Warning(s).
Load "..\\..\\Output\\Template.AXF" 
* JLink Info: Device "STM32F103ZE" selected (512 KB flash, 64 KB RAM).
Set JLink Project File to "D:\(0)Teacher\B盘\02-野火ISO 程序\1-野火ISO-基础入门篇\10、ADC实验（DMA方式）\Project\RVMDK（uv4）\JLinkSettings.ini"
 
JLink info:
------------
DLL: V4.50j, compiled Jun 26 2012 09:19:07
Firmware: J-Link ARM V8 compiled Nov 14 2012 22:34:52
Hardware: V8.00
S/N : 58001139 
Feature(s) : RDI,FlashDL,FlashBP,JFlash 
 
* JLink Info: TotalIRLen = 9, IRPrint = 0x0011
* JLink Info: TotalIRLen = 9, IRPrint = 0x0011
* JLink Info: Found Cortex-M3 r1p1, Little endian.
* JLink Info: TPIU fitted.
* JLink Info: ETM fitted.
* JLink Info: FPUnit: 6 code (BP) slots and 2 literal slots
ROMTableAddr = 0xE00FF003
* JLink Info: Found Cortex-M3 r1p1, Little endian.
* JLink Info: TPIU fitted.
* JLink Info: ETM fitted.
* JLink Info: FPUnit: 6 code (BP) slots and 2 literal slots
 
Target info:
------------
Device: STM32F103ZE
VTarget = 3.319V
State of Pins: 
TCK: 1, TDI: 0, TDO: 1, TMS: 0, TRES: 1, TRST: 1
Hardware-Breakpoints: 6
Software-Breakpoints: 8192
Watchpoints:          4
JTAG speed: 4800 kHz
 
Full Chip Erase Done.
Programming Done.
Verify OK.
* JLink Info: Found Cortex-M3 r1p1, Little endian.
* JLink Info: TPIU fitted.
* JLink Info: ETM fitted.
* JLink Info: FPUnit: 6 code (BP) slots and 2 literal slots
Application running ...
