<html>
<body>
<pre>
<h1>µVision Build Log</h1>
<h2>Project:</h2>
C:\Users\Administrator\Desktop\Athena.Pro\2.STM32\(1)Á÷Ë®µÆ\Project\phone.uvproj
Project File Date:  11/06/2014

<h2>Output:</h2>
Build target 'Cortex-M3'
linking...
Program Size: Code=1120 RO-data=336 RW-data=20 ZI-data=1636  
FromELF: creating hex file...
"..\Obj\phone.axf" - 0 Error(s), 0 Warning(s).
Load "..\\Obj\\phone.axf" 
Error: Flash Download failed  -  Target DLL has been cancelled
</pre>
</body>
</html>
