<html>
<body>
<pre>
<h1>礦ision Build Log</h1>
<h2>Project:</h2>
C:\Users\Administrator\Desktop\Athena.Pro\1.STM32\(11)电源管理\睡眠模式\Project\phone.uvproj
Project File Date:  11/12/2014

<h2>Output:</h2>
Build target 'Cortex-M3'
linking...
Program Size: Code=4760 RO-data=336 RW-data=44 ZI-data=1028  
FromELF: creating hex file...
"..\Obj\phone.axf" - 0 Error(s), 0 Warning(s).
</pre>
</body>
</html>

Set JLink Project File to "C:\Users\Administrator\Desktop\Athena.Pro\1.STM32\(11)电源管理\睡眠模式\Project\JLinkSettings.ini"
* JLink Info: Device "STM32F103ZE" selected (512 KB flash, 64 KB RAM).
 
JLink info:
------------
DLL: V4.80g, compiled Feb 13 2014 20:50:02
Firmware: J-Link ARM V8 compiled Nov 25 2013 19:20:08
Hardware: V8.00
S/N : 58001139 
Feature(s) : RDI,FlashDL,FlashBP,JFlash 
 
* JLink Info: TotalIRLen = 9, IRPrint = 0x0011
* JLink Info: TotalIRLen = 9, IRPrint = 0x0011
* JLink Info: Found Cortex-M3 r1p1, Little endian.
* JLink Info: FPUnit: 6 code (BP) slots and 2 literal slots
* JLink Info: TPIU fitted.
* JLink Info: ETM fitted.
ROMTableAddr = 0xE00FF003
 
Target info:
------------
Device: STM32F103ZE
VTarget = 3.364V
State of Pins: 
TCK: 1, TDI: 0, TDO: 1, TMS: 0, TRES: 1, TRST: 1
Hardware-Breakpoints: 6
Software-Breakpoints: 8192
Watchpoints:          4
JTAG speed: 2000 kHz
 
Full Chip Erase Done.
Programming Done.
Verify OK.
Application running ...
K.
Application running ...
M fitted.
ROMTableAddr = 0xE00FF003
 
Target info:
------------
Device: STM32F103ZE
VTarget = 3.364V
State of Pins: 
TCK: 1, TDI: 0, TDO: 1, TMS: 0, TRES: 1, TRST: 1
Hardware-Breakpoints: 6
Software-Breakpoints: 8192
Watchpoints:          4
JTAG speed: 2000 kHz
 
Full Chip Erase Done.
Programming Done.
Verify OK.
Application running ...
compiling App.c...
"..\Source\APP\App.c" - 0 Error(s), 0 Warning(s).
NE, ENABLE);
..\Source\BSP\usart\bsp_usart1.c(54): warning:  #223-D: function "USART_Cmd" declared implicitly
        USART_Cmd(USART1, ENABLE);
..\Source\BSP\usart\bsp_usart1.c(77): warning:  #223-D: function "USART_SendData" declared implicitly
                USART_SendData(USART1, (uint8_t) ch);
..\Source\BSP\usart\bsp_usart1.c(80): warning:  #223-D: function "USART_GetFlagStatus" declared implicitly
                while (USART_GetFlagStatus(USART1, USART_FLAG_TXE) == RESET);           
..\Source\BSP\usart\bsp_usart1.c(80): error:  #20: identifier "USART_FLAG_TXE" is undefined
                while (USART_GetFlagStatus(USART1, USART_FLAG_TXE) == RESET);           
..\Source\BSP\usart\bsp_usart1.c(89): warning:  #223-D: function "USART_GetFlagStatus" declared implicitly
                while (USART_GetFlagStatus(USART1, USART_FLAG_RXNE) == RESET);
..\Source\BSP\usart\bsp_usart1.c(89): error:  #20: identifier "USART_FLAG_RXNE" is undefined
                while (USART_GetFlagStatus(USART1, USART_FLAG_RXNE) == RESET);
..\Source\BSP\usart\bsp_usart1.c(91): warning:  #223-D: function "USART_ReceiveData" declared implicitly
                return (int)USART_ReceiveData(USART1);
..\Source\BSP\usart\bsp_usart1.c: 7 warnings, 10 errors
"..\Obj\phone.axf" - 10 Error(s), 7 Warning(s).
Target not created
RESET);
..\Source\BSP\usart\bsp_usart1.c(91): warning:  #223-D: function "USART_ReceiveData" declared implicitly
                return (int)USART_ReceiveData(USART1);
..\Source\BSP\usart\bsp_usart1.c: 7 warnings, 10 errors
"..\Obj\phone.axf" - 10 Error(s), 7 Warning(s).
Target not created
