<html>
<body>
<pre>
<h1>µVision Build Log</h1>
<h2>Project:</h2>
C:\Users\Phone\Desktop\stm32f030\Project\Phone.uvproj
Project File Date:  08/12/2014

<h2>Output:</h2>
Build target 'Cortex-M0'
compiling App.c...
..\Source\APP\App.c(43): warning:  #177-D: variable "i" was declared but never referenced
      int i;
..\Source\APP\App.c: 1 warning, 0 errors
linking...
Program Size: Code=7592 RO-data=208 RW-data=148 ZI-data=1108  
FromELF: creating hex file...
"..\Obj\Phone.axf" - 0 Error(s), 1 Warning(s).
Load "..\\Obj\\Phone.axf" 
Erase Done.
Programming Done.
Verify OK.
</pre>
</body>
</html>
G")!=NULL))
..\Source\APP\App.c(43): warning:  #177-D: variable "i" was declared but never referenced
      int i;
..\Source\APP\App.c: 2 warnings, 0 errors
compiling BSP.c...
compiling delay.c...
compiling led.c...
compiling Usart.c...
compiling bsp_spi_nrf.c...
compiling GSM.c...
linking...
Program Size: Code=7580 RO-data=208 RW-data=148 ZI-data=1108  
FromELF: creating hex file...
"..\Obj\Phone.axf" - 0 Error(s), 2 Warning(s).
