<html>
<body>
<pre>
<h1>µVision Build Log</h1>
<h2>Project:</h2>
C:\Users\Phone\Desktop\stm32f030\Project\Phone.uvproj
Project File Date:  08/02/2014

<h2>Output:</h2>
Build target 'Cortex-M0'
linking...
Program Size: Code=6632 RO-data=208 RW-data=76 ZI-data=1028  
FromELF: creating hex file...
"..\Obj\Phone.axf" - 0 Error(s), 0 Warning(s).
Load "..\\Obj\\Phone.axf" 
Erase Done.
Programming Done.
Verify OK.
</pre>
</body>
</html>
Error: Flash Download failed  -  "Cortex-M0"
oad failed  -  "Cortex-M0"
!
Cannot access Memory
Error: Flash Download failed  -  "Cortex-M0"
Load "..\\Obj\\Phone.axf" 
Erase Done.
Programming Done.
Verify OK.
_ReceiveData (referred from bsp_spi_nrf.o).
..\Obj\Phone.axf: Error: L6218E: Undefined symbol SPI_I2S_SendData (referred from bsp_spi_nrf.o).
Not enough information to list image symbols.
Finished: 1 information, 0 warning and 2 error messages.
"..\Obj\Phone.axf" - 2 Error(s), 2 Warning(s).
Target not created
