<html>
<body>
<pre>
<h1>µVision Build Log</h1>
<h2>Project:</h2>
D:\(0)Teacher\BÅÌ\02-Ò°»ðISO ³ÌÐò\1-Ò°»ðISO-»ù´¡ÈëÃÅÆª\16¡¢DACÕýÏÒ²¨\Project\RVMDK£¨uv4£©\iSO-STM32.uvproj
Project File Date:  07/03/2014

<h2>Output:</h2>
Build target 'Template'
linking...
Program Size: Code=1562 RO-data=386 RW-data=0 ZI-data=1152  
FromELF: creating hex file...
"..\..\Output\Template.axf" - 0 Error(s), 0 Warning(s).
Build target 'Template'
compiling bsp_dac.c...
linking...
Program Size: Code=1562 RO-data=386 RW-data=0 ZI-data=1152  
FromELF: creating hex file...
"..\..\Output\Template.axf" - 0 Error(s), 0 Warning(s).
Build target 'Template'
compiling bsp_dac.c...
linking...
Program Size: Code=1562 RO-data=386 RW-data=0 ZI-data=1152  
FromELF: creating hex file...
"..\..\Output\Template.axf" - 0 Error(s), 0 Warning(s).
Build target 'Template'
compiling bsp_dac.c...
linking...
Program Size: Code=1562 RO-data=386 RW-data=0 ZI-data=1152  
FromELF: creating hex file...
"..\..\Output\Template.axf" - 0 Error(s), 0 Warning(s).
Build target 'Template'
compiling bsp_dac.c...
..\..\User\dac\bsp_dac.c(79): error:  #77-D: this declaration has no storage class or type specifier
..\..\User\dac\bsp_dac.c(79): error:  #7: unrecognized token
..\..\User\dac\bsp_dac.c(79): error:  #29: expected an expression
..\..\User\dac\bsp_dac.c(79): error:  #7: unrecognized token
..\..\User\dac\bsp_dac.c(79): error:  #7: unrecognized token
..\..\User\dac\bsp_dac.c(79): error:  #7: unrecognized token
..\..\User\dac\bsp_dac.c(132): warning:  #12-D: parsing restarts here after previous syntax error
..\..\User\dac\bsp_dac.c(133): error:  #169: expected a declaration
..\..\User\dac\bsp_dac.c(184): warning: At end of source:  #12-D: parsing restarts here after previous syntax error
..\..\User\dac\bsp_dac.c(38): warning:  #177-D: function "DAC_Config" was declared but never referenced
Target not created
Build target 'Template'
compiling bsp_dac.c...
..\..\User\dac\bsp_dac.c(79): error:  #77-D: this declaration has no storage class or type specifier
..\..\User\dac\bsp_dac.c(79): error:  #7: unrecognized token
..\..\User\dac\bsp_dac.c(79): error:  #29: expected an expression
..\..\User\dac\bsp_dac.c(79): error:  #7: unrecognized token
..\..\User\dac\bsp_dac.c(79): error:  #7: unrecognized token
..\..\User\dac\bsp_dac.c(79): error:  #7: unrecognized token
..\..\User\dac\bsp_dac.c(132): warning:  #12-D: parsing restarts here after previous syntax error
..\..\User\dac\bsp_dac.c(133): error:  #169: expected a declaration
..\..\User\dac\bsp_dac.c(184): warning: At end of source:  #12-D: parsing restarts here after previous syntax error
..\..\User\dac\bsp_dac.c(38): warning:  #177-D: function "DAC_Config" was declared but never referenced
Target not created
Build target 'Template'
compiling bsp_dac.c...
..\..\User\dac\bsp_dac.c(79): error:  #77-D: this declaration has no storage class or type specifier
..\..\User\dac\bsp_dac.c(79): error:  #7: unrecognized token
..\..\User\dac\bsp_dac.c(79): error:  #29: expected an expression
..\..\User\dac\bsp_dac.c(79): error:  #7: unrecognized token
..\..\User\dac\bsp_dac.c(79): error:  #7: unrecognized token
..\..\User\dac\bsp_dac.c(79): error:  #7: unrecognized token
..\..\User\dac\bsp_dac.c(132): warning:  #12-D: parsing restarts here after previous syntax error
..\..\User\dac\bsp_dac.c(133): error:  #169: expected a declaration
..\..\User\dac\bsp_dac.c(184): warning: At end of source:  #12-D: parsing restarts here after previous syntax error
..\..\User\dac\bsp_dac.c(38): warning:  #177-D: function "DAC_Config" was declared but never referenced
Target not created
Build target 'Template'
compiling bsp_dac.c...
linking...
Program Size: Code=1562 RO-data=386 RW-data=0 ZI-data=1152  
FromELF: creating hex file...
"..\..\Output\Template.axf" - 0 Error(s), 0 Warning(s).
Load "..\\..\\Output\\Template.AXF" 
* JLink Info: Device "STM32F103ZE" selected (512 KB flash, 64 KB RAM).
Set JLink Project File to "D:\(0)Teacher\BÅÌ\02-Ò°»ðISO ³ÌÐò\1-Ò°»ðISO-»ù´¡ÈëÃÅÆª\16¡¢DACÕýÏÒ²¨\Project\RVMDK£¨uv4£©\JLinkSettings.ini"
 
JLink info:
------------
DLL: V4.50j, compiled Jun 26 2012 09:19:07
Firmware: J-Link ARM V8 compiled Nov 14 2012 22:34:52
Hardware: V8.00
S/N : 58001139 
Feature(s) : RDI,FlashDL,FlashBP,JFlash 
 
* JLink Info: Found SWD-DP with ID 0x1BA01477
* JLink Info: Found SWD-DP with ID 0x1BA01477
* JLink Info: TPIU fitted.
* JLink Info: ETM fitted.
* JLink Info: FPUnit: 6 code (BP) slots and 2 literal slots
* JLink Info: Found Cortex-M3 r1p1, Little endian.
ROMTableAddr = 0xE00FF003
 
Target info:
------------
Device: STM32F103ZE
VTarget = 3.319V
State of Pins: 
TCK: 0, TDI: 1, TDO: 0, TMS: 1, TRES: 1, TRST: 1
Hardware-Breakpoints: 6
Software-Breakpoints: 8192
Watchpoints:          4
JTAG speed: 4000 kHz
 
Full Chip Erase Done.
Programming Done.
Verify OK.
Application running ...
